swiggy order	Food
swiggy order	Food
SWIGGY ORDER	Food
swiggy order	Food
swiggy order	Food
SWIGGY ORDER	Food
swiggy order	Food
SWIGGY ORDER	Food
SWIGGY ORDER	Food
swiggy order	Food
swiggy order	Food
swiggy order	Food
swiggy order	Food
swiggy order	Food
swiggy order	Food
swiggy order	Food
swiggy order	Food
swiggy order	Food
swiggy order	Food
swiggy order	Food
swiggy order	Food
swiggy order	Food
swiggy order	Food
swiggy order	Food
swiggy order	Food
swiggy order	Food
swiggy order	Food
swiggy order	Food
swiggy order	Food
swiggy order	Food
swiggy order	Food
SWIGGY ORDER	Food
SWIGGY ORDER	Food
swiggy order	Food
swiggy order	Food
swiggy order	Food
swiggy order	Food
swiggy order	Food
swiggy order	Food
swiggy order	Food
swiggy order	Food
swiggy order	Food
swiggy order	Food
swiggy order	Food
swiggy order	Food
swiggy order	Food
swiggy order	Food
swiggy order	Food
swiggy order	Food
swiggy order	Food
swiggy order	Food
swiggy order	Food
swiggy order	Food
swiggy order	Food
swiggy order	Food
swiggy order	Food
uber ride to airport	Travel
SWIGGY ORDER	Food
electricity bill payment	Bills
SWIGGY ORDER	Food
xqz 123	Travel
swiggy order	Food
swiggy order	Food
swiggy order	Food
swiggy order	Food
swiggy order	Food
swiggy order	Food
swiggy order	Food
swiggy order	Food
swiggy order	Food
swiggy order	Food
swiggy order	Food
swiggy order	Food
swiggy order	Food
swiggy order	Food
swiggy order	Food
swiggy order	Food
swiggy order	Food
swiggy order	Food
swiggy order	Food
swiggy order	Food
swiggy order	Food
A300 OKHDFCBANK/ TO BLINKIT.RZP H	Travel
A300 OKHDFCBANK/TO ZEPTOMARKET	Travel
A300 OKHDFCBANK/ TO ZEPTO.PAYU	Travel
2 PTAXIS/TO NSACHDEVA300 OKHDFC	Travel
A300 OKHDFCBANK/ TO SBIMOPS SBI	Travel
A300 OKHDFCBANK/ TO HANUSHSINGHR	Travel
MENTS AXISBANK/TO NSACHDEVA300	Travel
8 PTYES/TO NSACHDEVA300 OKHDFC 1	Travel
A300 OKHDFCBANK/ TO CHARTR4722.PA	Travel
A300 OKHDFCBANK/ TO CHARTR4722.PA	Travel
MENTS AXISBANK/TO NSACHDEVA300	Travel
A300 OKHDFCBANK/ TO VYAPAR.17254	Travel
PLACEPRIVA.PAYU MAIRTEL/UPI TRANS	Travel
UR781 OKAXIS/TO NSACHDEVA300 OK 2 000.00 3	Travel
A300 OKHDFCBANK/ TO PAYTMQR6HW	Travel
A300 OKHDFCBANK/ T0 9213197297	Travel
2 PTAXIS/TO NSACHDEVA300 OKAXIS	Travel
A300 OKHDFCBANK/ TO VYAPAR.17254	Travel
A300 OKAXIS/TO AMRIT281207-1 0K	Travel
A300 OKHDFCBANK/ TO Q489289805	Travel
NA04NOV OKHDFCBANK/TO NSACHDEV 15 000.00 18	Travel
A300 OKHDFCBANK/ TO SONUK4472 O 15 000.00 3	Travel
KHJIT OKHDFCBANK/TO NSACHDEVA30 1	Travel
A300 OKAXIS/TO 7291003501 KOTAK	Travel
A300 OKHDFCBANK/TO MUZAHIDKHA	Travel
A300 OKAXIS/T0 9818157693 KOTAK	Travel
A300 OKHDFCBANK/TO PAYTMGQR6UTD	Travel
A300 OKHDFCBANK/TO0 Q489289805	Travel
A300 OKHDFCBANK/TO PAYTMARLIINS	Travel
A300 OKHDFCBANK/TO Q600577000	Travel
A300 OKAXIS/T0 8920934303 PTAXIS	Travel
A300 OKHDFCBANK/ TO ARMANKHAN39	Travel
A300 OKHDFCBANK/TO PAYTMQR6UTD	Travel
A300 OKHDFCBANK/ TO 7291003501	Travel
swiggy order	Food
SWIGGY ORDER	Food
SWIGGY ORDER	Food
swiggy order	Food
swiggy order	Food
swiggy order	Food
swiggy order	Food
swiggy order	Food
swiggy order	Food
swiggy order	Food
swiggy order	Food
swiggy order	Food
swiggy order	Food
swiggy order	Food
swiggy order	Food
swiggy order	Food
swiggy order	Food
swiggy order	Food
swiggy order	Food
swiggy order	Food
swiggy order	Food
swiggy order	Food
swiggy order	Food
swiggy order	Food
A300 OKHDFCBANK/ TO BLINKIT.RZP H	Travel
A300 OKHDFCBANK/TO ZEPTOMARKET	Travel
A300 OKHDFCBANK/ TO ZEPTO.PAYU	Travel
2 PTAXIS/TO NSACHDEVA300 OKHDFC	Travel
A300 OKHDFCBANK/ TO SBIMOPS SBI	Travel
A300 OKHDFCBANK/ TO HANUSHSINGHR	Travel
MENTS AXISBANK/TO NSACHDEVA300	Travel
8 PTYES/TO NSACHDEVA300 OKHDFC 1	Travel
A300 OKHDFCBANK/ TO CHARTR4722.PA	Travel
A300 OKHDFCBANK/ TO CHARTR4722.PA	Travel
MENTS AXISBANK/TO NSACHDEVA300	Travel
A300 OKHDFCBANK/ TO VYAPAR.17254	Travel
PLACEPRIVA.PAYU MAIRTEL/UPI TRANS	Travel
UR781 OKAXIS/TO NSACHDEVA300 OK 2 000.00 3	Travel
A300 OKHDFCBANK/ TO PAYTMQR6HW	Travel
A300 OKHDFCBANK/ T0 9213197297	Travel
2 PTAXIS/TO NSACHDEVA300 OKAXIS	Travel
A300 OKHDFCBANK/ TO VYAPAR.17254	Travel
A300 OKAXIS/TO AMRIT281207-1 0K	Travel
A300 OKHDFCBANK/ TO Q489289805	Travel
NA04NOV OKHDFCBANK/TO NSACHDEV 15 000.00 18	Travel
A300 OKHDFCBANK/ TO SONUK4472 O 15 000.00 3	Travel
KHJIT OKHDFCBANK/TO NSACHDEVA30 1	Travel
A300 OKAXIS/TO 7291003501 KOTAK	Travel
A300 OKHDFCBANK/TO MUZAHIDKHA	Travel
A300 OKAXIS/T0 9818157693 KOTAK	Travel
A300 OKHDFCBANK/TO PAYTMGQR6UTD	Travel
A300 OKHDFCBANK/TO0 Q489289805	Travel
A300 OKHDFCBANK/TO PAYTMARLIINS	Travel
A300 OKHDFCBANK/TO Q600577000	Travel
A300 OKAXIS/T0 8920934303 PTAXIS	Travel
A300 OKHDFCBANK/ TO ARMANKHAN39	Travel
A300 OKHDFCBANK/TO PAYTMQR6UTD	Travel
A300 OKHDFCBANK/ TO 7291003501	Travel
swiggy order	Food
SWIGGY ORDER	Food
SWIGGY ORDER	Food
swiggy order	Food
swiggy order	Food
swiggy order	Food
swiggy order	Food
swiggy order	Food
swiggy order	Food
swiggy order	Food
swiggy order	Food
swiggy order	Food
swiggy order	Food
swiggy order	Food
swiggy order	Food
swiggy order	Food
swiggy order	Food
swiggy order	Food
swiggy order	Food
swiggy order	Food
swiggy order	Food
swiggy order	Food
swiggy order	Food
swiggy order	Food
